2026-04-21 13:55:37.779396: SENDING: WhatsApp to 918806275531 for assignment test-id-123...
2026-04-21 13:55:37.832393: Gateway Response: 200 - {"success":true}
2026-04-21 13:58:08.292479: SENDING: WhatsApp to 918806275531 for assignment 0aaf0871-46b3-4287-9dba-41879f26e800...
2026-04-21 13:58:08.349938: Gateway Response: 200 - {"success":true}
2026-04-21 13:58:10.512685: SENDING: WhatsApp to 918806275531 for assignment d5b1114d-dcca-4ea9-80e1-8b32fa1be47d...
2026-04-21 13:58:12.080213: Gateway Response: 200 - {"success":true}
2026-04-21 14:27:18.984885: SENDING: WhatsApp to 919022434807 for assignment e11685bc-d18e-4a11-acee-a4cd8658b71b...
2026-04-21 14:27:34.491394: ERROR: 
2026-04-21 14:27:49.050640: SENDING: WhatsApp to 919022434807 for assignment 939c2ba8-6fc3-4748-9a63-42298df494c2...
2026-04-21 14:27:51.932648: Gateway Response: 200 - {"success":true}
2026-04-21 14:28:54.931492: SENDING: WhatsApp to 919022434807 for assignment dc339135-5329-4dae-b990-e9688fc52852...
2026-04-21 14:28:59.735950: Gateway Response: 200 - {"success":true}
2026-04-21 14:29:32.369304: SENDING: WhatsApp to 919022434807 for assignment f12b01ed-33b1-4982-a35b-6fc89feeb5fd...
2026-04-21 14:29:34.772794: SENDING: WhatsApp to 919022434807 for assignment 1d53f048-726a-4e51-b6d3-29ae3fc049b9...
2026-04-21 14:29:34.778039: Gateway Response: 200 - {"success":true}
2026-04-21 14:29:34.822171: Gateway Response: 200 - {"success":true}
2026-04-21 14:39:29.375070: SENDING: WhatsApp to 919022434807 for assignment 14dc7467-e644-4157-86be-376e75d5b975...
2026-04-21 14:39:38.605964: Gateway Response: 200 - {"success":true}
2026-04-21 15:16:36.744246: SENDING: WhatsApp to 919022434807 for assignment 20b71b4e-a6eb-4cff-9a85-027abe0b49e4...
2026-04-21 15:16:42.067453: SENDING: WhatsApp to 919022434807 for assignment a643b783-8fa6-4225-bbaa-ca46ac73aabb...
2026-04-21 15:16:52.856224: ERROR: 
2026-04-21 15:16:52.859743: ERROR: 
2026-04-21 15:33:12.838607: SENDING: WhatsApp to 919022434807 for assignment 9c2b8b65-8018-4035-b25c-48e06aed9fa3...
2026-04-21 15:33:19.952938: Gateway Response: 200 - {"success":true}
2026-04-21 15:36:32.675075: SENDING: WhatsApp to 919022434807 for assignment 8bf93fb8-11b3-4a2c-8348-951078070ff6...
2026-04-21 15:36:59.373397: ERROR: 
2026-04-21 15:37:07.956177: SENDING: WhatsApp to 919022434807 for assignment e949cbca-10be-4ecd-9d4a-ad3583009557...
2026-04-21 15:37:12.044467: SENDING: WhatsApp to 919022434807 for assignment f515d2aa-c7a1-4568-81db-e28430c5f987...
2026-04-21 15:37:29.110768: ERROR: 
2026-04-21 15:37:32.953475: ERROR: 
2026-04-21 16:09:19.615616: SENDING: WhatsApp to 919022434807 for assignment 5ee3f43b-a952-42e7-bdc8-c5d93676a058...
2026-04-21 16:09:30.821400: Gateway Response: 200 - {"success":true}
2026-04-22 14:18:08.614891: SENDING: WhatsApp to 919022434807 for assignment bac7b455-c3e4-482f-85c0-2cd574a5fd1d...
2026-04-22 14:18:10.463664: Gateway Response: 500 - {"error":"Failed to send message"}
2026-04-22 14:18:29.475775: SENDING: WhatsApp to 919022434807 for assignment f731b0fb-1d0c-44d4-9720-9cf51a8f82e6...
2026-04-22 14:18:31.888549: SENDING: WhatsApp to 919022434807 for assignment 68869481-e67d-4eb5-8e35-0b8dc2e09c4d...
2026-04-22 14:18:33.713721: Gateway Response: 500 - {"error":"Failed to send message"}
2026-04-22 14:18:33.715281: Gateway Response: 500 - {"error":"Failed to send message"}
